Archive member included because of file (symbol)

d:/linuxdev/eclipse/plugins/fr.ac6.mcu.externaltools.arm-none.win32_1.3.0.201507241045/tools/compiler/bin/../lib/gcc/arm-none-eabi/4.9.3/../../../../arm-none-eabi/lib/armv7e-m\libstdc++.a(del_op.o)
                              src/CApplication.o (operator delete(void*))
d:/linuxdev/eclipse/plugins/fr.ac6.mcu.externaltools.arm-none.win32_1.3.0.201507241045/tools/compiler/bin/../lib/gcc/arm-none-eabi/4.9.3/../../../../arm-none-eabi/lib/armv7e-m\libc.a(lib_a-errno.o)
                              startup/sysmem.o (__errno)
d:/linuxdev/eclipse/plugins/fr.ac6.mcu.externaltools.arm-none.win32_1.3.0.201507241045/tools/compiler/bin/../lib/gcc/arm-none-eabi/4.9.3/../../../../arm-none-eabi/lib/armv7e-m\libc.a(lib_a-exit.o)
                              d:/linuxdev/eclipse/plugins/fr.ac6.mcu.externaltools.arm-none.win32_1.3.0.201507241045/tools/compiler/bin/../lib/gcc/arm-none-eabi/4.9.3/../../../../arm-none-eabi/lib/armv7e-m/crt0.o (exit)
d:/linuxdev/eclipse/plugins/fr.ac6.mcu.externaltools.arm-none.win32_1.3.0.201507241045/tools/compiler/bin/../lib/gcc/arm-none-eabi/4.9.3/../../../../arm-none-eabi/lib/armv7e-m\libc.a(lib_a-impure.o)
                              d:/linuxdev/eclipse/plugins/fr.ac6.mcu.externaltools.arm-none.win32_1.3.0.201507241045/tools/compiler/bin/../lib/gcc/arm-none-eabi/4.9.3/../../../../arm-none-eabi/lib/armv7e-m\libc.a(lib_a-exit.o) (_global_impure_ptr)
d:/linuxdev/eclipse/plugins/fr.ac6.mcu.externaltools.arm-none.win32_1.3.0.201507241045/tools/compiler/bin/../lib/gcc/arm-none-eabi/4.9.3/../../../../arm-none-eabi/lib/armv7e-m\libc.a(lib_a-init.o)
                              d:/linuxdev/eclipse/plugins/fr.ac6.mcu.externaltools.arm-none.win32_1.3.0.201507241045/tools/compiler/bin/../lib/gcc/arm-none-eabi/4.9.3/../../../../arm-none-eabi/lib/armv7e-m/crt0.o (__libc_init_array)
d:/linuxdev/eclipse/plugins/fr.ac6.mcu.externaltools.arm-none.win32_1.3.0.201507241045/tools/compiler/bin/../lib/gcc/arm-none-eabi/4.9.3/../../../../arm-none-eabi/lib/armv7e-m\libc.a(lib_a-malloc.o)
                              d:/linuxdev/eclipse/plugins/fr.ac6.mcu.externaltools.arm-none.win32_1.3.0.201507241045/tools/compiler/bin/../lib/gcc/arm-none-eabi/4.9.3/../../../../arm-none-eabi/lib/armv7e-m\libstdc++.a(del_op.o) (free)
d:/linuxdev/eclipse/plugins/fr.ac6.mcu.externaltools.arm-none.win32_1.3.0.201507241045/tools/compiler/bin/../lib/gcc/arm-none-eabi/4.9.3/../../../../arm-none-eabi/lib/armv7e-m\libc.a(lib_a-mallocr.o)
                              d:/linuxdev/eclipse/plugins/fr.ac6.mcu.externaltools.arm-none.win32_1.3.0.201507241045/tools/compiler/bin/../lib/gcc/arm-none-eabi/4.9.3/../../../../arm-none-eabi/lib/armv7e-m\libc.a(lib_a-malloc.o) (_malloc_r)
d:/linuxdev/eclipse/plugins/fr.ac6.mcu.externaltools.arm-none.win32_1.3.0.201507241045/tools/compiler/bin/../lib/gcc/arm-none-eabi/4.9.3/../../../../arm-none-eabi/lib/armv7e-m\libc.a(lib_a-memcpy.o)
                              FreeRTOS/queue.o (memcpy)
d:/linuxdev/eclipse/plugins/fr.ac6.mcu.externaltools.arm-none.win32_1.3.0.201507241045/tools/compiler/bin/../lib/gcc/arm-none-eabi/4.9.3/../../../../arm-none-eabi/lib/armv7e-m\libc.a(lib_a-memset.o)
                              d:/linuxdev/eclipse/plugins/fr.ac6.mcu.externaltools.arm-none.win32_1.3.0.201507241045/tools/compiler/bin/../lib/gcc/arm-none-eabi/4.9.3/../../../../arm-none-eabi/lib/armv7e-m/crt0.o (memset)
d:/linuxdev/eclipse/plugins/fr.ac6.mcu.externaltools.arm-none.win32_1.3.0.201507241045/tools/compiler/bin/../lib/gcc/arm-none-eabi/4.9.3/../../../../arm-none-eabi/lib/armv7e-m\libc.a(lib_a-mlock.o)
                              d:/linuxdev/eclipse/plugins/fr.ac6.mcu.externaltools.arm-none.win32_1.3.0.201507241045/tools/compiler/bin/../lib/gcc/arm-none-eabi/4.9.3/../../../../arm-none-eabi/lib/armv7e-m\libc.a(lib_a-mallocr.o) (__malloc_lock)
d:/linuxdev/eclipse/plugins/fr.ac6.mcu.externaltools.arm-none.win32_1.3.0.201507241045/tools/compiler/bin/../lib/gcc/arm-none-eabi/4.9.3/../../../../arm-none-eabi/lib/armv7e-m\libc.a(lib_a-sbrkr.o)
                              d:/linuxdev/eclipse/plugins/fr.ac6.mcu.externaltools.arm-none.win32_1.3.0.201507241045/tools/compiler/bin/../lib/gcc/arm-none-eabi/4.9.3/../../../../arm-none-eabi/lib/armv7e-m\libc.a(lib_a-mallocr.o) (_sbrk_r)
d:/linuxdev/eclipse/plugins/fr.ac6.mcu.externaltools.arm-none.win32_1.3.0.201507241045/tools/compiler/bin/../lib/gcc/arm-none-eabi/4.9.3/../../../../arm-none-eabi/lib/armv7e-m\libc.a(lib_a-__call_atexit.o)
                              d:/linuxdev/eclipse/plugins/fr.ac6.mcu.externaltools.arm-none.win32_1.3.0.201507241045/tools/compiler/bin/../lib/gcc/arm-none-eabi/4.9.3/../../../../arm-none-eabi/lib/armv7e-m\libc.a(lib_a-exit.o) (__call_exitprocs)
d:/linuxdev/eclipse/plugins/fr.ac6.mcu.externaltools.arm-none.win32_1.3.0.201507241045/tools/compiler/bin/../lib/gcc/arm-none-eabi/4.9.3/../../../../arm-none-eabi/lib/armv7e-m\libc.a(lib_a-atexit.o)
[...]
Memory Configuration

Name             Origin             Length             Attributes
RAM              0x20000000         0x0000a000         xrw
ROM              0x08000000         0x00040000         xr
*default*        0x00000000         0xffffffff

Linker script and memory map

LOAD d:/linuxdev/eclipse/plugins/fr.ac6.mcu.externaltools.arm-none.win32_1.3.0.201507241045/tools/compiler/bin/../lib/gcc/arm-none-eabi/4.9.3/armv7e-m/crti.o
LOAD d:/linuxdev/eclipse/plugins/fr.ac6.mcu.externaltools.arm-none.win32_1.3.0.201507241045/tools/compiler/bin/../lib/gcc/arm-none-eabi/4.9.3/armv7e-m/crtbegin.o
LOAD d:/linuxdev/eclipse/plugins/fr.ac6.mcu.externaltools.arm-none.win32_1.3.0.201507241045/tools/compiler/bin/../lib/gcc/arm-none-eabi/4.9.3/../../../../arm-none-eabi/lib/armv7e-m/crt0.o
LOAD startup/startup_stm32.o
LOAD startup/sysmem.o
LOAD startup/system_stm32f30x.o
LOAD src/CApplication.o
LOAD src/main.o
LOAD FreeRTOS/event_groups.o
LOAD FreeRTOS/heap_5.o
LOAD FreeRTOS/list.o
LOAD FreeRTOS/port.o
LOAD FreeRTOS/queue.o
LOAD FreeRTOS/tasks.o
LOAD FreeRTOS/timers.o
LOAD d:/linuxdev/eclipse/plugins/fr.ac6.mcu.externaltools.arm-none.win32_1.3.0.201507241045/tools/compiler/bin/../lib/gcc/arm-none-eabi/4.9.3/../../../../arm-none-eabi/lib/armv7e-m\libstdc++.a
LOAD d:/linuxdev/eclipse/plugins/fr.ac6.mcu.externaltools.arm-none.win32_1.3.0.201507241045/tools/compiler/bin/../lib/gcc/arm-none-eabi/4.9.3/../../../../arm-none-eabi/lib/armv7e-m\libm.a
START GROUP
LOAD d:/linuxdev/eclipse/plugins/fr.ac6.mcu.externaltools.arm-none.win32_1.3.0.201507241045/tools/compiler/bin/../lib/gcc/arm-none-eabi/4.9.3/armv7e-m\libgcc.a
LOAD d:/linuxdev/eclipse/plugins/fr.ac6.mcu.externaltools.arm-none.win32_1.3.0.201507241045/tools/compiler/bin/../lib/gcc/arm-none-eabi/4.9.3/../../../../arm-none-eabi/lib/armv7e-m\libc.a
END GROUP
LOAD d:/linuxdev/eclipse/plugins/fr.ac6.mcu.externaltools.arm-none.win32_1.3.0.201507241045/tools/compiler/bin/../lib/gcc/arm-none-eabi/4.9.3/armv7e-m/crtend.o
LOAD d:/linuxdev/eclipse/plugins/fr.ac6.mcu.externaltools.arm-none.win32_1.3.0.201507241045/tools/compiler/bin/../lib/gcc/arm-none-eabi/4.9.3/armv7e-m/crtn.o
                0x2000a000                _estack = 0x2000a000
                0x00000300                _Min_Heap_Size = 0x300
                0x00000400                _Min_Stack_Size = 0x400

.isr_vector     0x08000000      0x188
                0x08000000                . = ALIGN (0x4)
 *(.isr_vector)
 .isr_vector    0x08000000      0x188 startup/startup_stm32.o
                0x08000000                g_pfnVectors
                0x08000188                . = ALIGN (0x4)

.text           0x08000188     0x29fc
                0x08000188                . = ALIGN (0x4)
 *(.text)
 .text          0x08000188       0x5c d:/linuxdev/eclipse/plugins/fr.ac6.mcu.externaltools.arm-none.win32_1.3.0.201507241045/tools/compiler/bin/../lib/gcc/arm-none-eabi/4.9.3/armv7e-m/crtbegin.o
 .text          0x080001e4      0x134 d:/linuxdev/eclipse/plugins/fr.ac6.mcu.externaltools.arm-none.win32_1.3.0.201507241045/tools/compiler/bin/../lib/gcc/arm-none-eabi/4.9.3/../../../../arm-none-eabi/lib/armv7e-m\libc.a(lib_a-memcpy.o)
                0x080001e4                memcpy
 *(.text*)
 .text.Reset_Handler
                0x08000318       0x48 startup/startup_stm32.o
                0x08000318                Reset_Handler
 .text.Default_Handler
                0x08000360        0x2 startup/startup_stm32.o
                0x08000360                DebugMon_Handler
                0x08000360                HardFault_Handler
                0x08000360                SysTick_Handler
                0x08000360                PendSV_Handler
                0x08000360                NMI_Handler
                0x08000360                UsageFault_Handler
                0x08000360                Default_Handler
                0x08000360                MemManage_Handler
                0x08000360                SVC_Handler
                0x08000360                BusFault_Handler
 *fill*         0x08000362        0x2 
 .text._sbrk    0x08000364       0x58 startup/sysmem.o
                0x08000364                _sbrk
 .text.SystemInit
                0x080003bc       0x74 startup/system_stm32f30x.o
                0x080003bc                SystemInit
 .text.SetSysClock
                0x08000430       0xe0 startup/system_stm32f30x.o
 .text.NVIC_SetPriority
                0x08000510       0x5c src/main.o
 .text.SysTick_Config
                0x0800056c       0x50 src/main.o
 .text._ZL12prvMainTask1Pv
                0x080005bc       0xa4 src/main.o
 .text._ZL12prvMainTask2Pv
                0x08000660       0xa4 src/main.o
 .text._ZL12prvMainTask3Pv
                0x08000704       0xa4 src/main.o
 .text._ZL12prvMainTask4Pv
                0x080007a8       0xa4 src/main.o
 .text.main     0x0800084c      0x15c src/main.o
                0x0800084c                main
 .text.pvPortMalloc
                0x080009a8      0x11c FreeRTOS/heap_5.o
                0x080009a8                pvPortMalloc
 .text.vPortFree
                0x08000ac4       0x70 FreeRTOS/heap_5.o
                0x08000ac4                vPortFree
 .text.prvInsertBlockIntoFreeList
                0x08000b34       0xb0 FreeRTOS/heap_5.o
 .text.vPortDefineHeapRegions
                0x08000be4      0x114 FreeRTOS/heap_5.o
                0x08000be4                vPortDefineHeapRegions
 .text.vListInitialise
                0x08000cf8       0x40 FreeRTOS/list.o
                0x08000cf8                vListInitialise
 .text.vListInitialiseItem
                0x08000d38       0x18 FreeRTOS/list.o
                0x08000d38                vListInitialiseItem
 .text.vListInsertEnd
                0x08000d50       0x48 FreeRTOS/list.o
                0x08000d50                vListInsertEnd
 .text.vListInsert
                0x08000d98       0x70 FreeRTOS/list.o
                0x08000d98                vListInsert
 .text.uxListRemove
                0x08000e08       0x54 FreeRTOS/list.o
                0x08000e08                uxListRemove
 .text.pxPortInitialiseStack
                0x08000e5c       0x58 FreeRTOS/port.o
                0x08000e5c                pxPortInitialiseStack
 .text.prvTaskExitError
                0x08000eb4        0xc FreeRTOS/port.o
 .text.vPortSVCHandler
                0x08000ec0       0x24 FreeRTOS/port.o
                0x08000ec0                vPortSVCHandler
 .text.prvPortStartFirstTask
                0x08000ee4       0x20 FreeRTOS/port.o
 .text.xPortStartScheduler
                0x08000f04       0x3c FreeRTOS/port.o
                0x08000f04                xPortStartScheduler
 .text.vPortYield
                0x08000f40       0x20 FreeRTOS/port.o
                0x08000f40                vPortYield
 .text.vPortEnterCritical
                0x08000f60       0x20 FreeRTOS/port.o
                0x08000f60                vPortEnterCritical
 .text.vPortExitCritical
                0x08000f80       0x24 FreeRTOS/port.o
                0x08000f80                vPortExitCritical
 .text.ulPortSetInterruptMask
                0x08000fa4       0x14 FreeRTOS/port.o
                0x08000fa4                ulPortSetInterruptMask
 .text.vPortClearInterruptMask
                0x08000fb8        0x8 FreeRTOS/port.o
                0x08000fb8                vPortClearInterruptMask
 .text.xPortPendSVHandler
                0x08000fc0       0x44 FreeRTOS/port.o
                0x08000fc0                xPortPendSVHandler
 .text.xPortSysTickHandler
                0x08001004       0x28 FreeRTOS/port.o
                0x08001004                xPortSysTickHandler
 .text.vPortSetupTimerInterrupt
                0x0800102c       0x24 FreeRTOS/port.o
                0x0800102c                vPortSetupTimerInterrupt
 .text.xQueueCreateMutex
                0x08001050       0x84 FreeRTOS/queue.o
                0x08001050                xQueueCreateMutex
 .text.xQueueGenericSend
                0x080010d4      0x124 FreeRTOS/queue.o
                0x080010d4                xQueueGenericSend
 .text.xQueueGenericReceive
                0x080011f8      0x170 FreeRTOS/queue.o
                0x080011f8                xQueueGenericReceive
 .text.prvCopyDataToQueue
                0x08001368       0xdc FreeRTOS/queue.o
 .text.prvCopyDataFromQueue
                0x08001444       0x4c FreeRTOS/queue.o
 .text.prvUnlockQueue
                0x08001490       0x98 FreeRTOS/queue.o
 .text.prvIsQueueEmpty
                0x08001528       0x2c FreeRTOS/queue.o
 .text.prvIsQueueFull
                0x08001554       0x30 FreeRTOS/queue.o
 .text.xTaskGenericCreate
                0x08001584      0x140 FreeRTOS/tasks.o
                0x08001584                xTaskGenericCreate
 .text.vTaskDelayUntil
                0x080016c4       0xb8 FreeRTOS/tasks.o
                0x080016c4                vTaskDelayUntil
 .text.vTaskStartScheduler
                0x0800177c       0x60 FreeRTOS/tasks.o
                0x0800177c                vTaskStartScheduler
 .text.vTaskSuspendAll
                0x080017dc       0x1c FreeRTOS/tasks.o
                0x080017dc                vTaskSuspendAll
 .text.xTaskResumeAll
                0x080017f8      0x100 FreeRTOS/tasks.o
                0x080017f8                xTaskResumeAll
 .text.xTaskGetTickCount
                0x080018f8       0x20 FreeRTOS/tasks.o
                0x080018f8                xTaskGetTickCount
 .text.xTaskIncrementTick
                0x08001918      0x160 FreeRTOS/tasks.o
                0x08001918                xTaskIncrementTick
 .text.vTaskSwitchContext
                0x08001a78       0x8c FreeRTOS/tasks.o
                0x08001a78                vTaskSwitchContext
 .text.vTaskPlaceOnEventList
                0x08001b04       0x80 FreeRTOS/tasks.o
                0x08001b04                vTaskPlaceOnEventList
 .text.xTaskRemoveFromEventList
                0x08001b84       0xac FreeRTOS/tasks.o
                0x08001b84                xTaskRemoveFromEventList
 .text.vTaskSetTimeOutState
                0x08001c30       0x2c FreeRTOS/tasks.o
                0x08001c30                vTaskSetTimeOutState
 .text.xTaskCheckForTimeOut
                0x08001c5c       0x88 FreeRTOS/tasks.o
                0x08001c5c                xTaskCheckForTimeOut
 .text.vTaskMissedYield
                0x08001ce4       0x18 FreeRTOS/tasks.o
                0x08001ce4                vTaskMissedYield
 .text.prvIdleTask
                0x08001cfc       0x20 FreeRTOS/tasks.o
 .text.prvInitialiseTCBVariables
                0x08001d1c       0xa4 FreeRTOS/tasks.o
 .text.prvInitialiseTaskLists
                0x08001dc0       0x7c FreeRTOS/tasks.o
 .text.prvCheckTasksWaitingTermination
                0x08001e3c       0x74 FreeRTOS/tasks.o
 .text.prvAddCurrentTaskToDelayedList
                0x08001eb0       0x6c FreeRTOS/tasks.o
 .text.prvAllocateTCBAndStack
                0x08001f1c       0x70 FreeRTOS/tasks.o
 .text.prvDeleteTCB
                0x08001f8c       0x20 FreeRTOS/tasks.o
 .text.prvResetNextTaskUnblockTime
                0x08001fac       0x48 FreeRTOS/tasks.o
 .text.vTaskPriorityInherit
                0x08001ff4       0xf0 FreeRTOS/tasks.o
                0x08001ff4                vTaskPriorityInherit
 .text.xTaskPriorityDisinherit
                0x080020e4       0xcc FreeRTOS/tasks.o
                0x080020e4                xTaskPriorityDisinherit
 .text.pvTaskIncrementMutexHeldCount
                0x080021b0       0x28 FreeRTOS/tasks.o
                0x080021b0                pvTaskIncrementMutexHeldCount
 .text.__errno  0x080021d8        0xc d:/linuxdev/eclipse/plugins/fr.ac6.mcu.externaltools.arm-none.win32_1.3.0.201507241045/tools/compiler/bin/../lib/gcc/arm-none-eabi/4.9.3/../../../../arm-none-eabi/lib/armv7e-m\libc.a(lib_a-errno.o)
                0x080021d8                __errno
 .text.__libc_init_array
                0x080021e4       0x50 d:/linuxdev/eclipse/plugins/fr.ac6.mcu.externaltools.arm-none.win32_1.3.0.201507241045/tools/compiler/bin/../lib/gcc/arm-none-eabi/4.9.3/../../../../arm-none-eabi/lib/armv7e-m\libc.a(lib_a-init.o)
                0x080021e4                __libc_init_array
 .text.malloc   0x08002234       0x10 d:/linuxdev/eclipse/plugins/fr.ac6.mcu.externaltools.arm-none.win32_1.3.0.201507241045/tools/compiler/bin/../lib/gcc/arm-none-eabi/4.9.3/../../../../arm-none-eabi/lib/armv7e-m\libc.a(lib_a-malloc.o)
                0x08002234                malloc
 .text._malloc_r
                0x08002244      0x524 d:/linuxdev/eclipse/plugins/fr.ac6.mcu.externaltools.arm-none.win32_1.3.0.201507241045/tools/compiler/bin/../lib/gcc/arm-none-eabi/4.9.3/../../../../arm-none-eabi/lib/armv7e-m\libc.a(lib_a-mallocr.o)
                0x08002244                _malloc_r
 .text.memset   0x08002768       0x9c d:/linuxdev/eclipse/plugins/fr.ac6.mcu.externaltools.arm-none.win32_1.3.0.201507241045/tools/compiler/bin/../lib/gcc/arm-none-eabi/4.9.3/../../../../arm-none-eabi/lib/armv7e-m\libc.a(lib_a-memset.o)
                0x08002768                memset
 .text.__malloc_lock
                0x08002804        0x4 d:/linuxdev/eclipse/plugins/fr.ac6.mcu.externaltools.arm-none.win32_1.3.0.201507241045/tools/compiler/bin/../lib/gcc/arm-none-eabi/4.9.3/../../../../arm-none-eabi/lib/armv7e-m\libc.a(lib_a-mlock.o)
                0x08002804                __malloc_lock
 .text.__malloc_unlock
                0x08002808        0x4 d:/linuxdev/eclipse/plugins/fr.ac6.mcu.externaltools.arm-none.win32_1.3.0.201507241045/tools/compiler/bin/../lib/gcc/arm-none-eabi/4.9.3/../../../../arm-none-eabi/lib/armv7e-m\libc.a(lib_a-mlock.o)
                0x08002808                __malloc_unlock
 .text._sbrk_r  0x0800280c       0x24 d:/linuxdev/eclipse/plugins/fr.ac6.mcu.externaltools.arm-none.win32_1.3.0.201507241045/tools/compiler/bin/../lib/gcc/arm-none-eabi/4.9.3/../../../../arm-none-eabi/lib/armv7e-m\libc.a(lib_a-sbrkr.o)
                0x0800280c                _sbrk_r
 .text.startup.register_fini
                0x08002830       0x14 d:/linuxdev/eclipse/plugins/fr.ac6.mcu.externaltools.arm-none.win32_1.3.0.201507241045/tools/compiler/bin/../lib/gcc/arm-none-eabi/4.9.3/../../../../arm-none-eabi/lib/armv7e-m\libc.a(lib_a-__call_atexit.o)
 .text.atexit   0x08002844        0xc d:/linuxdev/eclipse/plugins/fr.ac6.mcu.externaltools.arm-none.win32_1.3.0.201507241045/tools/compiler/bin/../lib/gcc/arm-none-eabi/4.9.3/../../../../arm-none-eabi/lib/armv7e-m\libc.a(lib_a-atexit.o)
                0x08002844                atexit
 .text.__libc_fini_array
                0x08002850       0x2c d:/linuxdev/eclipse/plugins/fr.ac6.mcu.externaltools.arm-none.win32_1.3.0.201507241045/tools/compiler/bin/../lib/gcc/arm-none-eabi/4.9.3/../../../../arm-none-eabi/lib/armv7e-m\libc.a(lib_a-fini.o)
                0x08002850                __libc_fini_array
 .text._malloc_trim_r
                0x0800287c       0x9c d:/linuxdev/eclipse/plugins/fr.ac6.mcu.externaltools.arm-none.win32_1.3.0.201507241045/tools/compiler/bin/../lib/gcc/arm-none-eabi/4.9.3/../../../../arm-none-eabi/lib/armv7e-m\libc.a(lib_a-freer.o)
                0x0800287c                _malloc_trim_r
 .text._free_r  0x08002918      0x1b0 d:/linuxdev/eclipse/plugins/fr.ac6.mcu.externaltools.arm-none.win32_1.3.0.201507241045/tools/compiler/bin/../lib/gcc/arm-none-eabi/4.9.3/../../../../arm-none-eabi/lib/armv7e-m\libc.a(lib_a-freer.o)
                0x08002918                _free_r
 .text.__register_exitproc
                0x08002ac8       0xa4 d:/linuxdev/eclipse/plugins/fr.ac6.mcu.externaltools.arm-none.win32_1.3.0.201507241045/tools/compiler/bin/../lib/gcc/arm-none-eabi/4.9.3/../../../../arm-none-eabi/lib/armv7e-m\libc.a(lib_a-__atexit.o)
                0x08002ac8                __register_exitproc
 *(.glue_7)
 .glue_7        0x00000000        0x0 linker stubs
 *(.glue_7t)
 .glue_7t       0x00000000        0x0 linker stubs
 *(.eh_frame)
 .eh_frame      0x08002b6c        0x0 d:/linuxdev/eclipse/plugins/fr.ac6.mcu.externaltools.arm-none.win32_1.3.0.201507241045/tools/compiler/bin/../lib/gcc/arm-none-eabi/4.9.3/armv7e-m/crtbegin.o
 *(.init)
 .init          0x08002b6c        0x4 d:/linuxdev/eclipse/plugins/fr.ac6.mcu.externaltools.arm-none.win32_1.3.0.201507241045/tools/compiler/bin/../lib/gcc/arm-none-eabi/4.9.3/armv7e-m/crti.o
                0x08002b6c                _init
 .init          0x08002b70        0x8 d:/linuxdev/eclipse/plugins/fr.ac6.mcu.externaltools.arm-none.win32_1.3.0.201507241045/tools/compiler/bin/../lib/gcc/arm-none-eabi/4.9.3/armv7e-m/crtn.o
 *(.fini)
 .fini          0x08002b78        0x4 d:/linuxdev/eclipse/plugins/fr.ac6.mcu.externaltools.arm-none.win32_1.3.0.201507241045/tools/compiler/bin/../lib/gcc/arm-none-eabi/4.9.3/armv7e-m/crti.o
                0x08002b78                _fini
 .fini          0x08002b7c        0x8 d:/linuxdev/eclipse/plugins/fr.ac6.mcu.externaltools.arm-none.win32_1.3.0.201507241045/tools/compiler/bin/../lib/gcc/arm-none-eabi/4.9.3/armv7e-m/crtn.o
                0x08002b84                . = ALIGN (0x4)
                0x08002b84                _etext = .

.vfp11_veneer   0x08002b84        0x0
 .vfp11_veneer  0x00000000        0x0 linker stubs

.v4_bx          0x08002b84        0x0
 .v4_bx         0x00000000        0x0 linker stubs

.iplt           0x08002b84        0x0
 .iplt          0x00000000        0x0 d:/linuxdev/eclipse/plugins/fr.ac6.mcu.externaltools.arm-none.win32_1.3.0.201507241045/tools/compiler/bin/../lib/gcc/arm-none-eabi/4.9.3/armv7e-m/crtbegin.o

.rodata         0x08002b84       0x30
                0x08002b84                . = ALIGN (0x4)
 *(.rodata)
 .rodata        0x08002b84       0x20 src/main.o
 .rodata        0x08002ba4        0x8 FreeRTOS/tasks.o
 *(.rodata*)
 .rodata.str1.4
                0x08002bac        0x4 d:/linuxdev/eclipse/plugins/fr.ac6.mcu.externaltools.arm-none.win32_1.3.0.201507241045/tools/compiler/bin/../lib/gcc/arm-none-eabi/4.9.3/../../../../arm-none-eabi/lib/armv7e-m\libc.a(lib_a-impure.o)
 .rodata._global_impure_ptr
                0x08002bb0        0x4 d:/linuxdev/eclipse/plugins/fr.ac6.mcu.externaltools.arm-none.win32_1.3.0.201507241045/tools/compiler/bin/../lib/gcc/arm-none-eabi/4.9.3/../../../../arm-none-eabi/lib/armv7e-m\libc.a(lib_a-impure.o)
                0x08002bb0                _global_impure_ptr
                0x08002bb4                . = ALIGN (0x4)

.rel.dyn        0x08002bb4        0x0
 .rel.iplt      0x00000000        0x0 d:/linuxdev/eclipse/plugins/fr.ac6.mcu.externaltools.arm-none.win32_1.3.0.201507241045/tools/compiler/bin/../lib/gcc/arm-none-eabi/4.9.3/armv7e-m/crtbegin.o

.ARM.extab      0x08002bb4        0x0
                0x08002bb4                . = ALIGN (0x4)
 *(.ARM.extab* .gnu.linkonce.armextab.*)
                0x08002bb4                . = ALIGN (0x4)

.ARM            0x08002bb4        0x0
                0x08002bb4                . = ALIGN (0x4)
                0x08002bb4                __exidx_start = .
 *(.ARM.exidx*)
                0x08002bb4                __exidx_end = .
                0x08002bb4                . = ALIGN (0x4)

.preinit_array  0x08002bb4        0x0
                0x08002bb4                . = ALIGN (0x4)
                0x08002bb4                PROVIDE (__preinit_array_start, .)
 *(.preinit_array*)
                0x08002bb4                PROVIDE (__preinit_array_end, .)
                0x08002bb4                . = ALIGN (0x4)

.init_array     0x08002bb4        0x8
                0x08002bb4                . = ALIGN (0x4)
                0x08002bb4                PROVIDE (__init_array_start, .)
 *(SORT(.init_array.*))
 .init_array.00000
                0x08002bb4        0x4 d:/linuxdev/eclipse/plugins/fr.ac6.mcu.externaltools.arm-none.win32_1.3.0.201507241045/tools/compiler/bin/../lib/gcc/arm-none-eabi/4.9.3/../../../../arm-none-eabi/lib/armv7e-m\libc.a(lib_a-__call_atexit.o)
 *(.init_array*)
 .init_array    0x08002bb8        0x4 d:/linuxdev/eclipse/plugins/fr.ac6.mcu.externaltools.arm-none.win32_1.3.0.201507241045/tools/compiler/bin/../lib/gcc/arm-none-eabi/4.9.3/armv7e-m/crtbegin.o
                0x08002bbc                PROVIDE (__init_array_end, .)
                0x08002bbc                . = ALIGN (0x4)

.fini_array     0x08002bbc        0x4
                0x08002bbc                . = ALIGN (0x4)
                0x08002bbc                PROVIDE (__fini_array_start, .)
 *(SORT(.fini_array.*))
 *(.fini_array*)
 .fini_array    0x08002bbc        0x4 d:/linuxdev/eclipse/plugins/fr.ac6.mcu.externaltools.arm-none.win32_1.3.0.201507241045/tools/compiler/bin/../lib/gcc/arm-none-eabi/4.9.3/armv7e-m/crtbegin.o
                0x08002bc0                PROVIDE (__fini_array_end, .)
                0x08002bc0                . = ALIGN (0x4)
                0x08002bc0                _sidata = LOADADDR (.data)

.data           0x20000000      0x864 load address 0x08002bc0
                0x20000000                . = ALIGN (0x4)
                0x20000000                _sdata = .
 *(.data)
 .data          0x20000000       0x14 startup/system_stm32f30x.o
                0x20000000                SystemCoreClock
                0x20000004                AHBPrescTable
 .data          0x20000014       0x10 src/main.o
                0x20000014                xHeapRegions
 .data          0x20000024        0x4 FreeRTOS/port.o
 *(.data*)
 .data.impure_data
                0x20000028      0x428 d:/linuxdev/eclipse/plugins/fr.ac6.mcu.externaltools.arm-none.win32_1.3.0.201507241045/tools/compiler/bin/../lib/gcc/arm-none-eabi/4.9.3/../../../../arm-none-eabi/lib/armv7e-m\libc.a(lib_a-impure.o)
 .data._impure_ptr
                0x20000450        0x4 d:/linuxdev/eclipse/plugins/fr.ac6.mcu.externaltools.arm-none.win32_1.3.0.201507241045/tools/compiler/bin/../lib/gcc/arm-none-eabi/4.9.3/../../../../arm-none-eabi/lib/armv7e-m\libc.a(lib_a-impure.o)
                0x20000450                _impure_ptr
 .data.__malloc_av_
                0x20000454      0x408 d:/linuxdev/eclipse/plugins/fr.ac6.mcu.externaltools.arm-none.win32_1.3.0.201507241045/tools/compiler/bin/../lib/gcc/arm-none-eabi/4.9.3/../../../../arm-none-eabi/lib/armv7e-m\libc.a(lib_a-mallocr.o)
                0x20000454                __malloc_av_
 .data.__malloc_trim_threshold
                0x2000085c        0x4 d:/linuxdev/eclipse/plugins/fr.ac6.mcu.externaltools.arm-none.win32_1.3.0.201507241045/tools/compiler/bin/../lib/gcc/arm-none-eabi/4.9.3/../../../../arm-none-eabi/lib/armv7e-m\libc.a(lib_a-mallocr.o)
                0x2000085c                __malloc_trim_threshold
 .data.__malloc_sbrk_base
                0x20000860        0x4 d:/linuxdev/eclipse/plugins/fr.ac6.mcu.externaltools.arm-none.win32_1.3.0.201507241045/tools/compiler/bin/../lib/gcc/arm-none-eabi/4.9.3/../../../../arm-none-eabi/lib/armv7e-m\libc.a(lib_a-mallocr.o)
                0x20000860                __malloc_sbrk_base
                0x20000864                . = ALIGN (0x4)
                0x20000864                _edata = .

.jcr            0x20000864        0x0 load address 0x08003424
 .jcr           0x20000864        0x0 d:/linuxdev/eclipse/plugins/fr.ac6.mcu.externaltools.arm-none.win32_1.3.0.201507241045/tools/compiler/bin/../lib/gcc/arm-none-eabi/4.9.3/armv7e-m/crtbegin.o

.igot.plt       0x20000864        0x0 load address 0x08003424
 .igot.plt      0x00000000        0x0 d:/linuxdev/eclipse/plugins/fr.ac6.mcu.externaltools.arm-none.win32_1.3.0.201507241045/tools/compiler/bin/../lib/gcc/arm-none-eabi/4.9.3/armv7e-m/crtbegin.o
                0x20000864                . = ALIGN (0x4)

.bss            0x20000864      0x174 load address 0x08003424
                0x20000864                _sbss = .
                0x20000864                __bss_start__ = _sbss
 *(.bss)
 .bss           0x20000864       0x1c d:/linuxdev/eclipse/plugins/fr.ac6.mcu.externaltools.arm-none.win32_1.3.0.201507241045/tools/compiler/bin/../lib/gcc/arm-none-eabi/4.9.3/armv7e-m/crtbegin.o
 .bss           0x20000880        0x4 startup/sysmem.o
 .bss           0x20000884        0x4 src/main.o
                0x20000884                xSemaphore
 .bss           0x20000888       0x18 FreeRTOS/heap_5.o
 .bss           0x200008a0      0x100 FreeRTOS/tasks.o
                0x200008a0                pxCurrentTCB
 *(.bss*)
 .bss.__malloc_max_total_mem
                0x200009a0        0x4 d:/linuxdev/eclipse/plugins/fr.ac6.mcu.externaltools.arm-none.win32_1.3.0.201507241045/tools/compiler/bin/../lib/gcc/arm-none-eabi/4.9.3/../../../../arm-none-eabi/lib/armv7e-m\libc.a(lib_a-mallocr.o)
                0x200009a0                __malloc_max_total_mem
 .bss.__malloc_max_sbrked_mem
                0x200009a4        0x4 d:/linuxdev/eclipse/plugins/fr.ac6.mcu.externaltools.arm-none.win32_1.3.0.201507241045/tools/compiler/bin/../lib/gcc/arm-none-eabi/4.9.3/../../../../arm-none-eabi/lib/armv7e-m\libc.a(lib_a-mallocr.o)
                0x200009a4                __malloc_max_sbrked_mem
 .bss.__malloc_top_pad
                0x200009a8        0x4 d:/linuxdev/eclipse/plugins/fr.ac6.mcu.externaltools.arm-none.win32_1.3.0.201507241045/tools/compiler/bin/../lib/gcc/arm-none-eabi/4.9.3/../../../../arm-none-eabi/lib/armv7e-m\libc.a(lib_a-mallocr.o)
                0x200009a8                __malloc_top_pad
 .bss.__malloc_current_mallinfo
                0x200009ac       0x28 d:/linuxdev/eclipse/plugins/fr.ac6.mcu.externaltools.arm-none.win32_1.3.0.201507241045/tools/compiler/bin/../lib/gcc/arm-none-eabi/4.9.3/../../../../arm-none-eabi/lib/armv7e-m\libc.a(lib_a-mallocr.o)
                0x200009ac                __malloc_current_mallinfo
 *(COMMON)
 COMMON         0x200009d4        0x4 d:/linuxdev/eclipse/plugins/fr.ac6.mcu.externaltools.arm-none.win32_1.3.0.201507241045/tools/compiler/bin/../lib/gcc/arm-none-eabi/4.9.3/../../../../arm-none-eabi/lib/armv7e-m\libc.a(lib_a-reent.o)
                0x200009d4                errno
                0x200009d8                . = ALIGN (0x4)
                0x200009d8                _ebss = .
                0x200009d8                __bss_end__ = _ebss

._user_heap_stack
                0x200009d8      0x700 load address 0x08003424
                0x200009d8                . = ALIGN (0x8)
                0x200009d8                PROVIDE (end, .)
                0x200009d8                PROVIDE (_end, .)
                0x20000cd8                . = (. + _Min_Heap_Size)
 *fill*         0x200009d8      0x300 
                0x200010d8                . = (. + _Min_Stack_Size)
 *fill*         0x20000cd8      0x400 
                0x200010d8                . = ALIGN (0x8)

/DISCARD/
 libc.a(*)
 libm.a(*)
 libgcc.a(*)

.ARM.attributes
                0x00000000       0x2a
 *(.ARM.attributes)
 .ARM.attributes
                0x00000000       0x1e d:/linuxdev/eclipse/plugins/fr.ac6.mcu.externaltools.arm-none.win32_1.3.0.201507241045/tools/compiler/bin/../lib/gcc/arm-none-eabi/4.9.3/armv7e-m/crti.o
 .ARM.attributes
                0x0000001e       0x2e d:/linuxdev/eclipse/plugins/fr.ac6.mcu.externaltools.arm-none.win32_1.3.0.201507241045/tools/compiler/bin/../lib/gcc/arm-none-eabi/4.9.3/armv7e-m/crtbegin.o
 .ARM.attributes
                0x0000004c       0x21 startup/startup_stm32.o
 .ARM.attributes
                0x0000006d       0x33 startup/sysmem.o
 .ARM.attributes
                0x000000a0       0x33 startup/system_stm32f30x.o
 .ARM.attributes
                0x000000d3       0x33 src/main.o
 .ARM.attributes
                0x00000106       0x33 FreeRTOS/heap_5.o
 .ARM.attributes
                0x00000139       0x33 FreeRTOS/list.o
 .ARM.attributes
                0x0000016c       0x33 FreeRTOS/port.o
 .ARM.attributes
                0x0000019f       0x33 FreeRTOS/queue.o
 .ARM.attributes
                0x000001d2       0x33 FreeRTOS/tasks.o
 .ARM.attributes
                0x00000205       0x2e d:/linuxdev/eclipse/plugins/fr.ac6.mcu.externaltools.arm-none.win32_1.3.0.201507241045/tools/compiler/bin/../lib/gcc/arm-none-eabi/4.9.3/../../../../arm-none-eabi/lib/armv7e-m\libc.a(lib_a-errno.o)
 .ARM.attributes
                0x00000233       0x2e d:/linuxdev/eclipse/plugins/fr.ac6.mcu.externaltools.arm-none.win32_1.3.0.201507241045/tools/compiler/bin/../lib/gcc/arm-none-eabi/4.9.3/../../../../arm-none-eabi/lib/armv7e-m\libc.a(lib_a-impure.o)
 .ARM.attributes
                0x00000261       0x2e d:/linuxdev/eclipse/plugins/fr.ac6.mcu.externaltools.arm-none.win32_1.3.0.201507241045/tools/compiler/bin/../lib/gcc/arm-none-eabi/4.9.3/../../../../arm-none-eabi/lib/armv7e-m\libc.a(lib_a-init.o)
 .ARM.attributes
                0x0000028f       0x2e d:/linuxdev/eclipse/plugins/fr.ac6.mcu.externaltools.arm-none.win32_1.3.0.201507241045/tools/compiler/bin/../lib/gcc/arm-none-eabi/4.9.3/../../../../arm-none-eabi/lib/armv7e-m\libc.a(lib_a-malloc.o)
 .ARM.attributes
                0x000002bd       0x2e d:/linuxdev/eclipse/plugins/fr.ac6.mcu.externaltools.arm-none.win32_1.3.0.201507241045/tools/compiler/bin/../lib/gcc/arm-none-eabi/4.9.3/../../../../arm-none-eabi/lib/armv7e-m\libc.a(lib_a-mallocr.o)
 .ARM.attributes
                0x000002eb       0x1c d:/linuxdev/eclipse/plugins/fr.ac6.mcu.externaltools.arm-none.win32_1.3.0.201507241045/tools/compiler/bin/../lib/gcc/arm-none-eabi/4.9.3/../../../../arm-none-eabi/lib/armv7e-m\libc.a(lib_a-memcpy.o)
 .ARM.attributes
                0x00000307       0x2e d:/linuxdev/eclipse/plugins/fr.ac6.mcu.externaltools.arm-none.win32_1.3.0.201507241045/tools/compiler/bin/../lib/gcc/arm-none-eabi/4.9.3/../../../../arm-none-eabi/lib/armv7e-m\libc.a(lib_a-memset.o)
 .ARM.attributes
                0x00000335       0x2e d:/linuxdev/eclipse/plugins/fr.ac6.mcu.externaltools.arm-none.win32_1.3.0.201507241045/tools/compiler/bin/../lib/gcc/arm-none-eabi/4.9.3/../../../../arm-none-eabi/lib/armv7e-m\libc.a(lib_a-mlock.o)
 .ARM.attributes
                0x00000363       0x2e d:/linuxdev/eclipse/plugins/fr.ac6.mcu.externaltools.arm-none.win32_1.3.0.201507241045/tools/compiler/bin/../lib/gcc/arm-none-eabi/4.9.3/../../../../arm-none-eabi/lib/armv7e-m\libc.a(lib_a-sbrkr.o)
 .ARM.attributes
                0x00000391       0x2e d:/linuxdev/eclipse/plugins/fr.ac6.mcu.externaltools.arm-none.win32_1.3.0.201507241045/tools/compiler/bin/../lib/gcc/arm-none-eabi/4.9.3/../../../../arm-none-eabi/lib/armv7e-m\libc.a(lib_a-__call_atexit.o)
 .ARM.attributes
                0x000003bf       0x2e d:/linuxdev/eclipse/plugins/fr.ac6.mcu.externaltools.arm-none.win32_1.3.0.201507241045/tools/compiler/bin/../lib/gcc/arm-none-eabi/4.9.3/../../../../arm-none-eabi/lib/armv7e-m\libc.a(lib_a-atexit.o)
 .ARM.attributes
                0x000003ed       0x2e d:/linuxdev/eclipse/plugins/fr.ac6.mcu.externaltools.arm-none.win32_1.3.0.201507241045/tools/compiler/bin/../lib/gcc/arm-none-eabi/4.9.3/../../../../arm-none-eabi/lib/armv7e-m\libc.a(lib_a-fini.o)
 .ARM.attributes
                0x0000041b       0x2e d:/linuxdev/eclipse/plugins/fr.ac6.mcu.externaltools.arm-none.win32_1.3.0.201507241045/tools/compiler/bin/../lib/gcc/arm-none-eabi/4.9.3/../../../../arm-none-eabi/lib/armv7e-m\libc.a(lib_a-freer.o)
 .ARM.attributes
                0x00000449       0x2e d:/linuxdev/eclipse/plugins/fr.ac6.mcu.externaltools.arm-none.win32_1.3.0.201507241045/tools/compiler/bin/../lib/gcc/arm-none-eabi/4.9.3/../../../../arm-none-eabi/lib/armv7e-m\libc.a(lib_a-reent.o)
 .ARM.attributes
                0x00000477       0x2e d:/linuxdev/eclipse/plugins/fr.ac6.mcu.externaltools.arm-none.win32_1.3.0.201507241045/tools/compiler/bin/../lib/gcc/arm-none-eabi/4.9.3/../../../../arm-none-eabi/lib/armv7e-m\libc.a(lib_a-__atexit.o)
 .ARM.attributes
                0x000004a5       0x1e d:/linuxdev/eclipse/plugins/fr.ac6.mcu.externaltools.arm-none.win32_1.3.0.201507241045/tools/compiler/bin/../lib/gcc/arm-none-eabi/4.9.3/armv7e-m/crtn.o
OUTPUT(demo1.elf elf32-littlearm)

.debug_line     0x00000000     0x2db7
 .debug_line    0x00000000       0x79 startup/startup_stm32.o
 .debug_line    0x00000079      0x339 startup/sysmem.o
 .debug_line    0x000003b2      0x399 startup/system_stm32f30x.o
 .debug_line    0x0000074b      0x56e src/main.o
 .debug_line    0x00000cb9      0x4c5 FreeRTOS/heap_5.o
 .debug_line    0x0000117e      0x451 FreeRTOS/list.o
 .debug_line    0x000015cf      0x46c FreeRTOS/port.o
 .debug_line    0x00001a3b      0x76c FreeRTOS/queue.o
 .debug_line    0x000021a7      0xc10 FreeRTOS/tasks.o

.debug_info     0x00000000     0x3801
 .debug_info    0x00000000       0x5f startup/startup_stm32.o
 .debug_info    0x0000005f      0x101 startup/sysmem.o
 .debug_info    0x00000160      0x311 startup/system_stm32f30x.o
 .debug_info    0x00000471      0xaeb src/main.o
 .debug_info    0x00000f5c      0x34a FreeRTOS/heap_5.o
 .debug_info    0x000012a6      0x2a1 FreeRTOS/list.o
 .debug_info    0x00001547      0x23c FreeRTOS/port.o
 .debug_info    0x00001783      0xb14 FreeRTOS/queue.o
 .debug_info    0x00002297     0x156a FreeRTOS/tasks.o

.debug_abbrev   0x00000000      0xb6d
 .debug_abbrev  0x00000000       0x12 startup/startup_stm32.o
 .debug_abbrev  0x00000012       0xa1 startup/sysmem.o
 .debug_abbrev  0x000000b3      0x14a startup/system_stm32f30x.o
 .debug_abbrev  0x000001fd      0x20c src/main.o
 .debug_abbrev  0x00000409      0x14b FreeRTOS/heap_5.o
 .debug_abbrev  0x00000554       0xc1 FreeRTOS/list.o
 .debug_abbrev  0x00000615      0x165 FreeRTOS/port.o
 .debug_abbrev  0x0000077a      0x17a FreeRTOS/queue.o
 .debug_abbrev  0x000008f4      0x279 FreeRTOS/tasks.o

.debug_aranges  0x00000000      0x470
 .debug_aranges
                0x00000000       0x28 startup/startup_stm32.o
 .debug_aranges
                0x00000028       0x20 startup/sysmem.o
 .debug_aranges
                0x00000048       0x30 startup/system_stm32f30x.o
 .debug_aranges
                0x00000078       0x50 src/main.o
 .debug_aranges
                0x000000c8       0x48 FreeRTOS/heap_5.o
 .debug_aranges
                0x00000110       0x40 FreeRTOS/list.o
 .debug_aranges
                0x00000150       0x88 FreeRTOS/port.o
 .debug_aranges
                0x000001d8       0xe8 FreeRTOS/queue.o
 .debug_aranges
                0x000002c0      0x1b0 FreeRTOS/tasks.o

.debug_ranges   0x00000000      0x3e8
 .debug_ranges  0x00000000       0x20 startup/startup_stm32.o
 .debug_ranges  0x00000020       0x10 startup/sysmem.o
 .debug_ranges  0x00000030       0x20 startup/system_stm32f30x.o
 .debug_ranges  0x00000050       0x40 src/main.o
 .debug_ranges  0x00000090       0x38 FreeRTOS/heap_5.o
 .debug_ranges  0x000000c8       0x30 FreeRTOS/list.o
 .debug_ranges  0x000000f8       0x78 FreeRTOS/port.o
 .debug_ranges  0x00000170       0xd8 FreeRTOS/queue.o
 .debug_ranges  0x00000248      0x1a0 FreeRTOS/tasks.o

.debug_macro    0x00000000     0xc599
 .debug_macro   0x00000000      0x116 startup/sysmem.o
 .debug_macro   0x00000116      0x886 startup/sysmem.o
 .debug_macro   0x0000099c       0x10 startup/sysmem.o
 .debug_macro   0x000009ac       0x58 startup/sysmem.o
 .debug_macro   0x00000a04       0x22 startup/sysmem.o
 .debug_macro   0x00000a26       0x35 startup/sysmem.o
 .debug_macro   0x00000a5b       0x9c startup/sysmem.o
 .debug_macro   0x00000af7      0x166 startup/sysmem.o
 .debug_macro   0x00000c5d       0x4a startup/sysmem.o
 .debug_macro   0x00000ca7       0x52 startup/sysmem.o
 .debug_macro   0x00000cf9       0x16 startup/sysmem.o
 .debug_macro   0x00000d0f       0x43 startup/sysmem.o
 .debug_macro   0x00000d52      0x180 startup/sysmem.o
 .debug_macro   0x00000ed2      0x23b startup/sysmem.o
 .debug_macro   0x0000110d       0x16 startup/sysmem.o
 .debug_macro   0x00001123       0x35 startup/sysmem.o
 .debug_macro   0x00001158      0x29d startup/sysmem.o
 .debug_macro   0x000013f5       0x10 startup/sysmem.o
 .debug_macro   0x00001405       0x10 startup/sysmem.o
 .debug_macro   0x00001415       0x22 startup/sysmem.o
 .debug_macro   0x00001437       0xbd startup/sysmem.o
 .debug_macro   0x000014f4       0x16 startup/sysmem.o
 .debug_macro   0x0000150a      0x196 startup/sysmem.o
 .debug_macro   0x000016a0       0x99 startup/system_stm32f30x.o
 .debug_macro   0x00001739       0x7a startup/system_stm32f30x.o
 .debug_macro   0x000017b3       0x3b startup/system_stm32f30x.o
 .debug_macro   0x000017ee       0x44 startup/system_stm32f30x.o
 .debug_macro   0x00001832       0x1c startup/system_stm32f30x.o
 .debug_macro   0x0000184e      0x1f7 startup/system_stm32f30x.o
 .debug_macro   0x00001a45       0x2d startup/system_stm32f30x.o
 .debug_macro   0x00001a72       0x26 startup/system_stm32f30x.o
 .debug_macro   0x00001a98      0xd39 startup/system_stm32f30x.o
 .debug_macro   0x000027d1     0x76cc startup/system_stm32f30x.o
 .debug_macro   0x00009e9d      0x22a src/main.o
 .debug_macro   0x0000a0c7       0x9c src/main.o
 .debug_macro   0x0000a163       0x16 src/main.o
 .debug_macro   0x0000a179      0x10e src/main.o
 .debug_macro   0x0000a287       0x8d src/main.o
 .debug_macro   0x0000a314       0x43 src/main.o
 .debug_macro   0x0000a357      0x2a4 src/main.o
 .debug_macro   0x0000a5fb       0x22 src/main.o
 .debug_macro   0x0000a61d       0x16 src/main.o
 .debug_macro   0x0000a633       0x35 src/main.o
 .debug_macro   0x0000a668       0x1c src/main.o
 .debug_macro   0x0000a684      0xd39 src/main.o
 .debug_macro   0x0000b3bd       0xe1 src/main.o
 .debug_macro   0x0000b49e      0x15d src/main.o
 .debug_macro   0x0000b5fb       0xd2 src/main.o
 .debug_macro   0x0000b6cd       0x10 src/main.o
 .debug_macro   0x0000b6dd       0x1f src/main.o
 .debug_macro   0x0000b6fc      0x3ed src/main.o
 .debug_macro   0x0000bae9       0xc0 src/main.o
 .debug_macro   0x0000bba9       0x9a src/main.o
 .debug_macro   0x0000bc43       0xb0 src/main.o
 .debug_macro   0x0000bcf3       0x7f src/main.o
 .debug_macro   0x0000bd72      0x186 FreeRTOS/heap_5.o
 .debug_macro   0x0000bef8      0x15e FreeRTOS/list.o
 .debug_macro   0x0000c056      0x157 FreeRTOS/port.o
 .debug_macro   0x0000c1ad      0x1d0 FreeRTOS/queue.o
 .debug_macro   0x0000c37d      0x20c FreeRTOS/tasks.o
 .debug_macro   0x0000c589       0x10 FreeRTOS/tasks.o

.debug_str      0x00000000    0x3d23f
 .debug_str     0x00000000     0x5969 startup/sysmem.o
                               0x5bf9 (size before relaxing)
 .debug_str     0x00005969    0x2f7cf startup/system_stm32f30x.o
                              0x31f61 (size before relaxing)
 .debug_str     0x00035138     0x5661 src/main.o
                              0x39790 (size before relaxing)
 .debug_str     0x0003a799      0x30d FreeRTOS/heap_5.o
                               0x8daf (size before relaxing)
 .debug_str     0x0003aaa6      0x11e FreeRTOS/list.o
                               0x849d (size before relaxing)
 .debug_str     0x0003abc4      0x647 FreeRTOS/port.o
                               0x6e96 (size before relaxing)
 .debug_str     0x0003b20b      0x65f FreeRTOS/queue.o
                               0x9cae (size before relaxing)
 .debug_str     0x0003b86a     0x19d5 FreeRTOS/tasks.o
                               0xa6e6 (size before relaxing)

.comment        0x00000000       0x70
 .comment       0x00000000       0x70 startup/sysmem.o
                                 0x71 (size before relaxing)
 .comment       0x00000000       0x71 startup/system_stm32f30x.o
 .comment       0x00000000       0x71 src/main.o
 .comment       0x00000000       0x71 FreeRTOS/heap_5.o
 .comment       0x00000000       0x71 FreeRTOS/list.o
 .comment       0x00000000       0x71 FreeRTOS/port.o
 .comment       0x00000000       0x71 FreeRTOS/queue.o
 .comment       0x00000000       0x71 FreeRTOS/tasks.o

.debug_frame    0x00000000     0x1314
 .debug_frame   0x00000000       0x34 startup/sysmem.o
 .debug_frame   0x00000034       0x7c startup/system_stm32f30x.o
 .debug_frame   0x000000b0       0xfc src/main.o
 .debug_frame   0x000001ac       0xe8 FreeRTOS/heap_5.o
 .debug_frame   0x00000294       0xd8 FreeRTOS/list.o
 .debug_frame   0x0000036c      0x174 FreeRTOS/port.o
 .debug_frame   0x000004e0      0x3d8 FreeRTOS/queue.o
 .debug_frame   0x000008b8      0x754 FreeRTOS/tasks.o
 .debug_frame   0x0000100c       0x20 d:/linuxdev/eclipse/plugins/fr.ac6.mcu.externaltools.arm-none.win32_1.3.0.201507241045/tools/compiler/bin/../lib/gcc/arm-none-eabi/4.9.3/../../../../arm-none-eabi/lib/armv7e-m\libc.a(lib_a-errno.o)
 .debug_frame   0x0000102c       0x2c d:/linuxdev/eclipse/plugins/fr.ac6.mcu.externaltools.arm-none.win32_1.3.0.201507241045/tools/compiler/bin/../lib/gcc/arm-none-eabi/4.9.3/../../../../arm-none-eabi/lib/armv7e-m\libc.a(lib_a-init.o)
 .debug_frame   0x00001058       0x30 d:/linuxdev/eclipse/plugins/fr.ac6.mcu.externaltools.arm-none.win32_1.3.0.201507241045/tools/compiler/bin/../lib/gcc/arm-none-eabi/4.9.3/../../../../arm-none-eabi/lib/armv7e-m\libc.a(lib_a-malloc.o)
 .debug_frame   0x00001088       0x58 d:/linuxdev/eclipse/plugins/fr.ac6.mcu.externaltools.arm-none.win32_1.3.0.201507241045/tools/compiler/bin/../lib/gcc/arm-none-eabi/4.9.3/../../../../arm-none-eabi/lib/armv7e-m\libc.a(lib_a-mallocr.o)
 .debug_frame   0x000010e0       0x34 d:/linuxdev/eclipse/plugins/fr.ac6.mcu.externaltools.arm-none.win32_1.3.0.201507241045/tools/compiler/bin/../lib/gcc/arm-none-eabi/4.9.3/../../../../arm-none-eabi/lib/armv7e-m\libc.a(lib_a-memset.o)
 .debug_frame   0x00001114       0x30 d:/linuxdev/eclipse/plugins/fr.ac6.mcu.externaltools.arm-none.win32_1.3.0.201507241045/tools/compiler/bin/../lib/gcc/arm-none-eabi/4.9.3/../../../../arm-none-eabi/lib/armv7e-m\libc.a(lib_a-mlock.o)
 .debug_frame   0x00001144       0x2c d:/linuxdev/eclipse/plugins/fr.ac6.mcu.externaltools.arm-none.win32_1.3.0.201507241045/tools/compiler/bin/../lib/gcc/arm-none-eabi/4.9.3/../../../../arm-none-eabi/lib/armv7e-m\libc.a(lib_a-sbrkr.o)
 .debug_frame   0x00001170       0x50 d:/linuxdev/eclipse/plugins/fr.ac6.mcu.externaltools.arm-none.win32_1.3.0.201507241045/tools/compiler/bin/../lib/gcc/arm-none-eabi/4.9.3/../../../../arm-none-eabi/lib/armv7e-m\libc.a(lib_a-__call_atexit.o)
 .debug_frame   0x000011c0       0x20 d:/linuxdev/eclipse/plugins/fr.ac6.mcu.externaltools.arm-none.win32_1.3.0.201507241045/tools/compiler/bin/../lib/gcc/arm-none-eabi/4.9.3/../../../../arm-none-eabi/lib/armv7e-m\libc.a(lib_a-atexit.o)
 .debug_frame   0x000011e0       0x34 d:/linuxdev/eclipse/plugins/fr.ac6.mcu.externaltools.arm-none.win32_1.3.0.201507241045/tools/compiler/bin/../lib/gcc/arm-none-eabi/4.9.3/../../../../arm-none-eabi/lib/armv7e-m\libc.a(lib_a-fini.o)
 .debug_frame   0x00001214       0x74 d:/linuxdev/eclipse/plugins/fr.ac6.mcu.externaltools.arm-none.win32_1.3.0.201507241045/tools/compiler/bin/../lib/gcc/arm-none-eabi/4.9.3/../../../../arm-none-eabi/lib/armv7e-m\libc.a(lib_a-freer.o)
 .debug_frame   0x00001288       0x58 d:/linuxdev/eclipse/plugins/fr.ac6.mcu.externaltools.arm-none.win32_1.3.0.201507241045/tools/compiler/bin/../lib/gcc/arm-none-eabi/4.9.3/../../../../arm-none-eabi/lib/armv7e-m\libc.a(lib_a-reent.o)
 .debug_frame   0x000012e0       0x34 d:/linuxdev/eclipse/plugins/fr.ac6.mcu.externaltools.arm-none.win32_1.3.0.201507241045/tools/compiler/bin/../lib/gcc/arm-none-eabi/4.9.3/../../../../arm-none-eabi/lib/armv7e-m\libc.a(lib_a-__atexit.o)
